<html>
<body>
<pre>
<h1>µVision Build Log</h1>
<h2>Tool Versions:</h2>
IDE-Version: µVision V5.32.0.0
Copyright (C) 2020 ARM Ltd and ARM Germany GmbH. All rights reserved.
License Information: Alihan Þeker, Engineering, LIC=----
 
Tool Versions:
Toolchain:       MDK-Lite  Version: 5.32.0.0
Toolchain Path:  C:\Keil_v5\ARM\ARMCLANG\Bin
C Compiler:      ArmClang.exe V6.14.1
Assembler:       Armasm.exe V6.14.1
Linker/Locator:  ArmLink.exe V6.14.1
Library Manager: ArmAr.exe V6.14.1
Hex Converter:   FromElf.exe V6.14.1
CPU DLL:         SARMCM3.DLL V5.32.0.0
Dialog DLL:      DCM.DLL V1.17.3.0
Target DLL:      STLink\ST-LINKIII-KEIL_SWO.dll V3.0.8.0
Dialog DLL:      TCM.DLL V1.46.0.0
 
<h2>Project:</h2>
C:\Users\Alihan\Desktop\ARGE\Teknik\Embedded Systems\new projects\DS1307v3\ds1307v3.uvprojx
Project File Date:  07/07/2021

<h2>Output:</h2>
*** Using Compiler 'V6.14.1', folder: 'C:\Keil_v5\ARM\ARMCLANG\Bin'
Build target 'Target 1'
main.c(44): warning: declaration shadows a variable in the global scope [-Wshadow]
        char data[50];
             ^
main.c(38): note: previous declaration is here
uint8_t data;
        ^
main.c(95): warning: implicit conversion changes signedness: 'int' to 'unsigned int' [-Wsign-conversion]
        GPIOA->CRH      &=      ~(1<<6);
                        ~~      ^~~~~~~
main.c(98): warning: implicit conversion changes signedness: 'int' to 'unsigned int' [-Wsign-conversion]
        GPIOA->CRH      &= ~((1<<8) | (1<<9));//PA10 INPUT 
                        ~~ ^~~~~~~~~~~~~~~~~~
main.c(100): warning: implicit conversion changes signedness: 'int' to 'unsigned int' [-Wsign-conversion]
        GPIOA->CRH      &=      ~(1<<11); //[11:10]=> 0 1 FLOATING INPUT 
                        ~~      ^~~~~~~~
main.c(111): warning: signed shift result (0x80000000) sets the sign bit of the shift expression's type ('int') and becomes negative [-Wshift-sign-overflow]
        GPIOB->CRL |= ((1<<30) | (1<<31));
                                  ~^ ~~
main.c(111): warning: implicit conversion changes signedness: 'int' to 'unsigned int' [-Wsign-conversion]
        GPIOB->CRL |= ((1<<30) | (1<<31));
                   ~~  ~~~~~~~~^~~~~~~~~
main.c(123): warning: declaration shadows a variable in the global scope [-Wshadow]
void putC(uint8_t data){
                  ^
main.c(38): note: previous declaration is here
uint8_t data;
        ^
main.c(128): warning: declaration shadows a variable in the global scope [-Wshadow]
void printString(char *data){
                       ^
main.c(38): note: previous declaration is here
uint8_t data;
        ^
main.c(140): warning: declaration shadows a variable in the global scope [-Wshadow]
void DS1307_Write(uint8_t wordAddr, uint8_t data){
                                            ^
main.c(38): note: previous declaration is here
uint8_t data;
        ^
main.c(144): warning: implicit conversion loses integer precision: 'volatile uint16_t' (aka 'volatile unsigned short') to 'uint8_t' (aka 'unsigned char') [-Wimplicit-int-conversion]
        uint8_t temp=I2C1->SR1;
                ~~~~ ~~~~~~^~~
main.c(148): warning: implicit conversion loses integer precision: 'int' to 'uint8_t' (aka 'unsigned char') [-Wimplicit-int-conversion]
        temp= I2C1->SR1 | I2C1->SR2;
            ~ ~~~~~~~~~~^~~~~~~~~~~
main.c(164): warning: declaration shadows a variable in the global scope [-Wshadow]
        uint8_t data;
                ^
main.c(38): note: previous declaration is here
uint8_t data;
        ^
main.c(168): warning: implicit conversion loses integer precision: 'volatile uint16_t' (aka 'volatile unsigned short') to 'uint8_t' (aka 'unsigned char') [-Wimplicit-int-conversion]
        uint8_t temp=I2C1->SR1;
                ~~~~ ~~~~~~^~~
main.c(172): warning: implicit conversion loses integer precision: 'int' to 'uint8_t' (aka 'unsigned char') [-Wimplicit-int-conversion]
        temp= I2C1->SR1 | I2C1->SR2;
            ~ ~~~~~~~~~~^~~~~~~~~~~
main.c(180): warning: implicit conversion loses integer precision: 'volatile uint16_t' (aka 'volatile unsigned short') to 'uint8_t' (aka 'unsigned char') [-Wimplicit-int-conversion]
        temp=I2C1->SR1;
            ~~~~~~~^~~
main.c(185): warning: implicit conversion loses integer precision: 'int' to 'uint8_t' (aka 'unsigned char') [-Wimplicit-int-conversion]
        temp= I2C1->SR1 | I2C1->SR2;
            ~ ~~~~~~~~~~^~~~~~~~~~~
main.c(189): warning: implicit conversion loses integer precision: 'volatile uint16_t' (aka 'volatile unsigned short') to 'uint8_t' (aka 'unsigned char') [-Wimplicit-int-conversion]
        data= I2C1->DR;
            ~ ~~~~~~^~
main.c(206): warning: implicit conversion loses integer precision: 'unsigned int' to 'uint8_t' (aka 'unsigned char') [-Wimplicit-int-conversion]
    return (tens + ones);// so the result is 95
    ~~~~~~  ~~~~~^~~~~~
main.c(28): warning: no previous extern declaration for non-static variable 'tm' [-Wmissing-variable-declarations]
tmElements_t tm;
             ^
main.c(28): note: declare 'static' if the variable is not intended to be used outside of this translation unit
tmElements_t tm;
^
main.c(38): warning: no previous extern declaration for non-static variable 'data' [-Wmissing-variable-declarations]
uint8_t data;
        ^
main.c(38): note: declare 'static' if the variable is not intended to be used outside of this translation unit
uint8_t data;
^
20 warnings generated.
compiling main.c...
linking...
Program Size: Code=2228 RO-data=284 RW-data=4 ZI-data=1648  
".\Objects\ds1307v3.axf" - 0 Error(s), 20 Warning(s).

<h2>Software Packages used:</h2>

Package Vendor: ARM
                http://www.keil.com/pack/ARM.CMSIS.5.7.0.pack
                ARM.CMSIS.5.7.0
                CMSIS (Cortex Microcontroller Software Interface Standard)
   * Component: CORE Version: 5.4.0

Package Vendor: Keil
                http://www.keil.com/pack/Keil.STM32F1xx_DFP.2.3.0.pack
                Keil.STM32F1xx_DFP.2.3.0
                STMicroelectronics STM32F1 Series Device Support, Drivers and Examples
   * Component: Startup Version: 1.0.0

<h2>Collection of Component include folders:</h2>
  .\RTE\Device\STM32F103C8
  .\RTE\_Target_1
  C:\Users\Alihan\AppData\Local\Arm\Packs\ARM\CMSIS\5.7.0\CMSIS\Core\Include
  C:\Users\Alihan\AppData\Local\Arm\Packs\Keil\STM32F1xx_DFP\2.3.0\Device\Include

<h2>Collection of Component Files used:</h2>

   * Component: ARM::CMSIS:CORE:5.4.0

   * Component: Keil::Device:Startup:1.0.0
      Source file:   Device\Source\system_stm32f10x.c
      Source file:   Device\Source\ARM\startup_stm32f10x_md.s
      Include file:  RTE_Driver\Config\RTE_Device.h
      Source file:   Device\Source\ARM\STM32F1xx_OPT.s
Build Time Elapsed:  00:00:01
</pre>
</body>
</html>
